[prium.github.io/slick/blocks/features-8.html]
[backblue.gif]
[fade.gif]
[index.html]
[prium.github.io/slick/assets/images/favicons/apple-touch-icon.png]
[prium.github.io/slick/assets/images/favicons/favicon-32x32.png]
[prium.github.io/slick/assets/images/favicons/favicon-16x16.png]
[prium.github.io/slick/assets/images/favicons/mstile-150x150.png]
[prium.github.io/slick/assets/lib/bootstrap/dist/css/bootstrap.min.css]
[prium.github.io/slick/assets/lib/hamburgers/dist/hamburgers.min.css]
[prium.github.io/slick/assets/lib/iconsmind/iconsmind.css]
[prium.github.io/slick/assets/lib/flexslider/flexslider.css]
[prium.github.io/slick/assets/lib/loaders.css/loaders.min.css]
[prium.github.io/slick/assets/lib/remodal/dist/remodal.css]
[prium.github.io/slick/assets/lib/remodal/dist/remodal-default-theme.css]
[prium.github.io/slick/assets/lib/semantic-ui-dropdown/dropdown.min.css]
[prium.github.io/slick/assets/lib/semantic-ui-accordion/accordion.min.css]
[prium.github.io/slick/assets/lib/semantic-ui-transition/transition.min.css]
[prium.github.io/slick/assets/lib/owl.carousel/dist/assets/owl.carousel.min.css]
[prium.github.io/slick/assets/lib/owl.carousel/dist/assets/owl.theme.default.min.css]
[prium.github.io/slick/assets/lib/lightbox2/dist/css/lightbox.css]
[prium.github.io/slick/assets/css/style.css]
[cdnjs.cloudflare.com/ajax/libs/modernizr/2.8.3/modernizr.min.js]
[prium.github.io/slick/assets/lib/jquery/dist/jquery.min.js]
[cdnjs.cloudflare.com/ajax/libs/popper.js/1.11.0/umd/popper.min.js]
[prium.github.io/slick/assets/lib/bootstrap/dist/js/bootstrap.min.js]
[prium.github.io/slick/assets/js/imagesloaded.pkgd.js]
[prium.github.io/slick/assets/js/TweenMax.js]
[prium.github.io/slick/assets/lib/@fontawesome/js/all.min.js]
[prium.github.io/slick/assets/js/CustomEase.js]
[prium.github.io/slick/assets/js/ScrollToPlugin.js]
[prium.github.io/slick/assets/js/Utils.js]
[prium.github.io/slick/assets/js/detector.js]
[prium.github.io/slick/assets/js/inertia.js]
[prium.github.io/slick/assets/lib/sticky-kit/dist/sticky-kit.min.js]
[prium.github.io/slick/assets/lib/stickyfilljs/dist/stickyfill.min.js]
[prium.github.io/slick/assets/js/stickykit.js]
[prium.github.io/slick/assets/js/stickyfill.js]
[prium.github.io/slick/assets/js/zanimation.js]
[prium.github.io/slick/assets/js/border-animation.js]
[prium.github.io/slick/assets/lib/remodal/dist/remodal.js]
[prium.github.io/slick/assets/lib/owl.carousel/dist/owl.carousel.min.js]
[prium.github.io/slick/assets/lib/semantic-ui-dropdown/dropdown.min.js]
[prium.github.io/slick/assets/lib/semantic-ui-accordion/accordion.min.js]
[prium.github.io/slick/assets/lib/semantic-ui-transition/transition.min.js]
[prium.github.io/slick/assets/lib/lightbox2/dist/js/lightbox.js]
[prium.github.io/slick/assets/lib/tableCollation.js]
[prium.github.io/slick/assets/js/countup.js]
[prium.github.io/slick/assets/js/googlemap.js]
[prium.github.io/slick/assets/lib/rellax/rellax.min.js]
[prium.github.io/slick/assets/lib/isotope-layout/dist/isotope.pkgd.min.js]
[prium.github.io/slick/assets/lib/isotope-packery/packery-mode.pkgd.min.js]
[prium.github.io/slick/assets/lib/typed.js/lib/typed.min.js]
[prium.github.io/slick/assets/lib/jquery.mb.ytplayer/dist/jquery.mb.YTPlayer.min.js]
[prium.github.io/slick/assets/lib/flexslider/jquery.flexslider-min.js]
[prium.github.io/slick/assets/js/core.js]
[prium.github.io/slick/blocks/features-8.html]
[prium.github.io/slick/assets/lib/bootstrap/dist/css/bootstrap.min.css]
[prium.github.io/slick/assets/lib/hamburgers/dist/hamburgers.min.css]
[prium.github.io/slick/assets/js/main.js]
[prium.github.io/slick/assets/lib/iconsmind/iconsmind.woff]
[prium.github.io/slick/assets/lib/iconsmind/iconsmindd41d.eot]
[prium.github.io/slick/assets/lib/iconsmind/iconsmind.css]
[prium.github.io/slick/assets/lib/flexslider/fonts/flexslider-icon.eot]
[prium.github.io/slick/assets/lib/flexslider/fonts/flexslider-icond41d.eot]
[prium.github.io/slick/assets/lib/iconsmind/iconsmind.ttf]
[prium.github.io/slick/assets/lib/flexslider/fonts/flexslider-icon.woff]
[prium.github.io/slick/assets/lib/flexslider/fonts/flexslider-icon.ttf]
[prium.github.io/slick/assets/lib/flexslider/flexslider.css]
[prium.github.io/slick/assets/lib/loaders.css/loaders.min.css]
[prium.github.io/slick/assets/lib/remodal/dist/remodal.css]
[prium.github.io/slick/assets/lib/remodal/dist/remodal-default-theme.css]
[prium.github.io/slick/assets/lib/semantic-ui-dropdown/dropdown.min.css]
[prium.github.io/slick/assets/lib/semantic-ui-accordion/accordion.min.css]
[prium.github.io/slick/assets/lib/semantic-ui-transition/transition.min.css]
[prium.github.io/slick/assets/lib/flexslider/fonts/flexslider-icon.svg]
[prium.github.io/slick/assets/lib/owl.carousel/dist/assets/owl.video.play.png]
[prium.github.io/slick/assets/lib/owl.carousel/dist/assets/owl.carousel.min.css]
[prium.github.io/slick/assets/lib/owl.carousel/dist/assets/owl.theme.default.min.css]
[prium.github.io/slick/assets/lib/lightbox2/dist/images/loading.gif]
[prium.github.io/slick/assets/lib/lightbox2/dist/images/prev.png]
[prium.github.io/slick/assets/lib/lightbox2/dist/images/next.png]
[prium.github.io/slick/assets/lib/lightbox2/dist/images/close.png]
[prium.github.io/slick/assets/lib/lightbox2/dist/css/lightbox.css]
[d29fhpw069ctt2.cloudfront.net/photo/17003/preview/photo-1476433701303-4608fe1b1a3c_npreviews_eb97.jpg]
[prium.github.io/slick/assets/css/style.css]
[prium.github.io/slick/assets/css/custom.css]
[prium.github.io/slick/assets/lib/flexslider/fonts/flexslider-icon.svg]
